// Jest Snapshot v1, https://goo.gl/fbAQLP

exports[`debe de hacer match con el snapshot 1`] = `
<div>
  <div>
    <h1>
      COUNTER APP
    </h1>
  </div>
  <div>
    <h2>
      20
    </h2>
  </div>
  <div>
    <button>
      +1
    </button>
    <button>
      -1
    </button>
    <button>
      Reset
    </button>
  </div>
</div>
`;
